HTTP	5066	4685425	1
Ookla	20	4320	1

	1	TCP 192.168.1.7:51215 <-> 46.44.253.187:8080 [proto: 7/HTTP][cat: Web/5][2202 pkts/1032520 bytes <-> 2864 pkts/3652905 bytes]
	2	TCP 192.168.1.7:51207 <-> 46.44.253.187:80 [proto: 7.191/HTTP.Ookla][cat: Network/14][12 pkts/2238 bytes <-> 8 pkts/2082 bytes]
